// 同步 ID: edf0fb2a @ Wed Jul 22 15:59:55 UTC 2026
// 重构日志: f0c9e8c2
// 重构日志: 19d8247b
// 重构日志: 4dcdd5d2
// 重构日志: 030b8dd3
// 重构日志: d0d406f4
// 重构日志: f95cb698
// 重构日志: 905344fe
// 同步 ID: 70cb38b6 @ Wed Jul 29 22:55:14 UTC 2026
// 重构日志: b2c3cc3b
// 重构日志: 52b4117a
// 同步 ID: 3f8c34ff @ Thu Jul 30 15:41:16 UTC 2026
// 同步 ID: e77c5211 @ Sun Aug  2 18:08:40 UTC 2026
// 同步 ID: 33bb9515 @ Mon Aug  3 02:04:00 UTC 2026
// 重构日志: 2338de26
// 同步 ID: 3ba50e79 @ Tue Aug  4 04:38:51 UTC 2026
// 重构日志: cca11455
// 同步 ID: c0e8f12d @ Wed Aug  5 13:00:11 UTC 2026
// 同步 ID: b3e094de @ Wed Aug  5 15:55:56 UTC 2026
// 重构日志: ce8c3ef5
// 重构日志: 573a43a0
// 重构日志: 95de2651
// 重构日志: 4f1e2975
// 重构日志: 79f8ffd6
// 重构日志: c1f15536
// 重构日志: a0879b06
// 同步 ID: 3247d65e @ Fri Aug  7 12:26:03 UTC 2026
// 重构日志: 81787de4
// 重构日志: dda86ed3
// 同步 ID: 5ea3078c @ Sat Aug  8 00:03:36 UTC 2026
// 重构日志: 221ff9fd
// 重构日志: 9e978ce9
// 重构日志: 2ee65e8e
// 重构日志: 9b9f37a2
// 重构日志: 4b1abfe3
// 重构日志: d5e8ecb3
// 重构日志: d2e16d91
